\BOOKMARK [1][-]{section.1}{\376\377\225\356\230\230\221\315\217\360}{}% 1
\BOOKMARK [2][-]{subsection.1.1}{\376\377\225\356\230\230\200\314\146\157}{section.1}% 2
\BOOKMARK [2][-]{subsection.1.2}{\376\377\225\356\230\230\143\320\121\372}{section.1}% 3
\BOOKMARK [1][-]{section.2}{\376\377\225\356\230\230\122\006\147\220}{}% 4
\BOOKMARK [1][-]{section.3}{\376\377\152\041\127\213\120\107\213\276}{}% 5
\BOOKMARK [1][-]{section.4}{\376\377\173\046\123\367\213\364\146\016}{}% 6
\BOOKMARK [1][-]{section.5}{\376\377\152\041\127\213\136\372\172\313\116\016\154\102\211\343}{}% 7
\BOOKMARK [2][-]{subsection.5.1}{\376\377\217\320\122\250\133\146\152\041\127\213}{section.5}% 8
\BOOKMARK [3][-]{subsubsection.5.1.1}{\376\377\133\374\137\071\217\320\122\250\145\271\172\013}{subsection.5.1}% 9
\BOOKMARK [3][-]{subsubsection.5.1.2}{\376\377\145\340\116\272\147\072\217\320\122\250\145\271\172\013}{subsection.5.1}% 10
\BOOKMARK [3][-]{subsubsection.5.1.3}{\376\377\160\337\136\125\137\071\217\320\122\250\116\016\215\167\162\006\160\271}{subsection.5.1}% 11
\BOOKMARK [3][-]{subsubsection.5.1.4}{\376\377\160\337\136\125\116\221\126\342\217\320\122\250}{subsection.5.1}% 12
\BOOKMARK [2][-]{subsection.5.2}{\376\377\147\011\145\110\220\156\205\075\122\044\133\232\152\041\127\213}{section.5}% 13
\BOOKMARK [3][-]{subsubsection.5.2.1}{\376\377\220\156\205\075\211\306\225\045\133\232\116\111}{subsection.5.2}% 14
\BOOKMARK [3][-]{subsubsection.5.2.2}{\376\377\133\214\121\150\220\156\205\075\122\044\133\232\133\232\164\006}{subsection.5.2}% 15
\BOOKMARK [3][-]{subsubsection.5.2.3}{\376\377\166\356\150\007\147\000\131\047\211\306\211\322}{subsection.5.2}% 16
\BOOKMARK [3][-]{subsubsection.5.2.4}{\376\377\147\011\145\110\220\156\205\075\122\044\143\156}{subsection.5.2}% 17
\BOOKMARK [2][-]{subsection.5.3}{\376\377\225\356\230\230\116\000\154\102\211\343}{section.5}% 18
\BOOKMARK [3][-]{subsubsection.5.3.1}{\376\377\213\241\173\227\123\302\145\160}{subsection.5.3}% 19
\BOOKMARK [3][-]{subsubsection.5.3.2}{\376\377\213\241\173\227\176\323\147\234}{subsection.5.3}% 20
\BOOKMARK [2][-]{subsection.5.4}{\376\377\225\356\230\230\116\214\154\102\211\343}{section.5}% 21
\BOOKMARK [3][-]{subsubsection.5.4.1}{\376\377\117\030\123\026\152\041\127\213}{subsection.5.4}% 22
\BOOKMARK [3][-]{subsubsection.5.4.2}{\376\377\154\102\211\343\173\227\154\325}{subsection.5.4}% 23
\BOOKMARK [3][-]{subsubsection.5.4.3}{\376\377\213\241\173\227\176\323\147\234}{subsection.5.4}% 24
\BOOKMARK [2][-]{subsection.5.5}{\376\377\225\356\230\230\116\011\154\102\211\343}{section.5}% 25
\BOOKMARK [3][-]{subsubsection.5.5.1}{\376\377\131\032\137\071\117\030\123\026\152\041\127\213}{subsection.5.5}% 26
\BOOKMARK [3][-]{subsubsection.5.5.2}{\376\377\122\006\134\102\117\030\123\026\173\126\165\145}{subsection.5.5}% 27
\BOOKMARK [3][-]{subsubsection.5.5.3}{\376\377\213\241\173\227\176\323\147\234}{subsection.5.5}% 28
\BOOKMARK [2][-]{subsection.5.6}{\376\377\225\356\230\230\126\333\154\102\211\343}{section.5}% 29
\BOOKMARK [3][-]{subsubsection.5.6.1}{\376\377\123\117\124\014\117\030\123\026\152\041\127\213}{subsection.5.6}% 30
\BOOKMARK [3][-]{subsubsection.5.6.2}{\376\377\122\006\134\102\154\102\211\343\173\126\165\145}{subsection.5.6}% 31
\BOOKMARK [3][-]{subsubsection.5.6.3}{\376\377\213\241\173\227\176\323\147\234}{subsection.5.6}% 32
\BOOKMARK [2][-]{subsection.5.7}{\376\377\225\356\230\230\116\224\154\102\211\343}{section.5}% 33
\BOOKMARK [3][-]{subsubsection.5.7.1}{\376\377\131\032\133\371\131\032\117\030\123\026\152\041\127\213}{subsection.5.7}% 34
\BOOKMARK [3][-]{subsubsection.5.7.2}{\376\377\116\373\122\241\122\006\221\115}{subsection.5.7}% 35
\BOOKMARK [3][-]{subsubsection.5.7.3}{\376\377\220\006\124\021\217\320\122\250\133\146\122\035\131\313\211\343}{subsection.5.7}% 36
\BOOKMARK [3][-]{subsubsection.5.7.4}{\376\377\154\102\211\343\116\016\176\323\147\234}{subsection.5.7}% 37
\BOOKMARK [3][-]{subsubsection.5.7.5}{\376\377\131\032\137\071\143\245\122\233\122\006\147\220}{subsection.5.7}% 38
\BOOKMARK [1][-]{section.6}{\376\377\152\041\127\213\213\304\116\367\116\016\145\071\217\333\145\271\124\021}{}% 39
\BOOKMARK [2][-]{subsection.6.1}{\376\377\152\041\127\213\117\030\160\271}{section.6}% 40
\BOOKMARK [2][-]{subsection.6.2}{\376\377\152\041\127\213\134\100\226\120}{section.6}% 41
