\BOOKMARK [1][-]{section.1}{\376\377\116\000\060\001\225\356\230\230\221\315\217\360}{}% 1
\BOOKMARK [2][-]{subsection.1.1}{\376\377\0001\000.\0001\000\040\225\356\230\230\200\314\146\157}{section.1}% 2
\BOOKMARK [2][-]{subsection.1.2}{\376\377\0001\000.\0002\000\040\225\356\230\230\143\320\121\372}{section.1}% 3
\BOOKMARK [1][-]{section.2}{\376\377\116\214\060\001\225\356\230\230\122\006\147\220}{}% 4
\BOOKMARK [2][-]{subsection.2.1}{\376\377\0002\000.\0001\000\040\140\073\117\123\140\035\215\357}{section.2}% 5
\BOOKMARK [2][-]{subsection.2.2}{\376\377\0002\000.\0002\000\040\124\004\225\356\122\006\147\220}{section.2}% 6
\BOOKMARK [1][-]{section.3}{\376\377\116\011\060\001\152\041\127\213\120\107\213\276}{}% 7
\BOOKMARK [1][-]{section.4}{\376\377\126\333\060\001\173\046\123\367\213\364\146\016}{}% 8
\BOOKMARK [1][-]{section.5}{\376\377\116\224\060\001\152\041\127\213\136\372\172\313\116\016\154\102\211\343}{}% 9
\BOOKMARK [2][-]{subsection.5.1}{\376\377\217\320\122\250\133\146\152\041\127\213}{section.5}% 10
\BOOKMARK [3][-]{subsubsection.5.1.1}{\376\377\133\374\137\071\217\320\122\250\145\271\172\013}{subsection.5.1}% 11
\BOOKMARK [3][-]{subsubsection.5.1.2}{\376\377\145\340\116\272\147\072\217\320\122\250\145\271\172\013}{subsection.5.1}% 12
\BOOKMARK [3][-]{subsubsection.5.1.3}{\376\377\160\337\136\125\137\071\217\320\122\250\116\016\215\167\162\006\160\271}{subsection.5.1}% 13
\BOOKMARK [3][-]{subsubsection.5.1.4}{\376\377\160\337\136\125\116\221\126\342\217\320\122\250}{subsection.5.1}% 14
\BOOKMARK [2][-]{subsection.5.2}{\376\377\147\011\145\110\220\156\205\075\122\044\133\232\152\041\127\213}{section.5}% 15
\BOOKMARK [3][-]{subsubsection.5.2.1}{\376\377\220\156\205\075\211\306\225\045\133\232\116\111}{subsection.5.2}% 16
\BOOKMARK [3][-]{subsubsection.5.2.2}{\376\377\133\214\121\150\220\156\205\075\122\044\133\232\133\232\164\006}{subsection.5.2}% 17
\BOOKMARK [3][-]{subsubsection.5.2.3}{\376\377\166\356\150\007\147\000\131\047\211\306\211\322}{subsection.5.2}% 18
\BOOKMARK [3][-]{subsubsection.5.2.4}{\376\377\147\011\145\110\220\156\205\075\122\044\143\156}{subsection.5.2}% 19
\BOOKMARK [2][-]{subsection.5.3}{\376\377\117\030\123\026\152\041\127\213\116\016\154\102\211\343\173\227\154\325}{section.5}% 20
\BOOKMARK [3][-]{subsubsection.5.3.1}{\376\377\117\030\123\026\152\041\127\213\116\000\202\054\137\142\137\017}{subsection.5.3}% 21
\BOOKMARK [3][-]{subsubsection.5.3.2}{\376\377\154\102\211\343\173\227\154\325\377\032\174\222\133\120\177\244\117\030\123\026}{subsection.5.3}% 22
\BOOKMARK [2][-]{subsection.5.4}{\376\377\225\356\230\230\116\000\154\102\211\343}{section.5}% 23
\BOOKMARK [3][-]{subsubsection.5.4.1}{\376\377\213\241\173\227\123\302\145\160}{subsection.5.4}% 24
\BOOKMARK [3][-]{subsubsection.5.4.2}{\376\377\213\241\173\227\176\323\147\234}{subsection.5.4}% 25
\BOOKMARK [2][-]{subsection.5.5}{\376\377\225\356\230\230\116\214\154\102\211\343}{section.5}% 26
\BOOKMARK [3][-]{subsubsection.5.5.1}{\376\377\117\030\123\026\152\041\127\213}{subsection.5.5}% 27
\BOOKMARK [3][-]{subsubsection.5.5.2}{\376\377\154\102\211\343\173\227\154\325}{subsection.5.5}% 28
\BOOKMARK [3][-]{subsubsection.5.5.3}{\376\377\213\241\173\227\176\323\147\234}{subsection.5.5}% 29
\BOOKMARK [2][-]{subsection.5.6}{\376\377\225\356\230\230\116\011\154\102\211\343}{section.5}% 30
\BOOKMARK [3][-]{subsubsection.5.6.1}{\376\377\131\032\137\071\117\030\123\026\152\041\127\213}{subsection.5.6}% 31
\BOOKMARK [3][-]{subsubsection.5.6.2}{\376\377\122\006\134\102\117\030\123\026\173\126\165\145}{subsection.5.6}% 32
\BOOKMARK [3][-]{subsubsection.5.6.3}{\376\377\213\241\173\227\176\323\147\234}{subsection.5.6}% 33
\BOOKMARK [2][-]{subsection.5.7}{\376\377\225\356\230\230\126\333\154\102\211\343}{section.5}% 34
\BOOKMARK [3][-]{subsubsection.5.7.1}{\376\377\123\117\124\014\117\030\123\026\152\041\127\213}{subsection.5.7}% 35
\BOOKMARK [3][-]{subsubsection.5.7.2}{\376\377\122\006\134\102\154\102\211\343\173\126\165\145}{subsection.5.7}% 36
\BOOKMARK [3][-]{subsubsection.5.7.3}{\376\377\213\241\173\227\176\323\147\234}{subsection.5.7}% 37
\BOOKMARK [2][-]{subsection.5.8}{\376\377\225\356\230\230\116\224\154\102\211\343}{section.5}% 38
\BOOKMARK [3][-]{subsubsection.5.8.1}{\376\377\131\032\133\371\131\032\117\030\123\026\152\041\127\213}{subsection.5.8}% 39
\BOOKMARK [3][-]{subsubsection.5.8.2}{\376\377\116\373\122\241\122\006\221\115}{subsection.5.8}% 40
\BOOKMARK [3][-]{subsubsection.5.8.3}{\376\377\220\006\124\021\217\320\122\250\133\146\122\035\131\313\211\343}{subsection.5.8}% 41
\BOOKMARK [3][-]{subsubsection.5.8.4}{\376\377\154\102\211\343\116\016\176\323\147\234}{subsection.5.8}% 42
\BOOKMARK [3][-]{subsubsection.5.8.5}{\376\377\131\032\137\071\143\245\122\233\122\006\147\220}{subsection.5.8}% 43
\BOOKMARK [1][-]{section.6}{\376\377\121\155\060\001\160\165\145\117\136\246\122\006\147\220}{}% 44
\BOOKMARK [1][-]{section.7}{\376\377\116\003\060\001\152\041\127\213\213\304\116\367\116\016\145\071\217\333\145\271\124\021}{}% 45
\BOOKMARK [2][-]{subsection.7.1}{\376\377\152\041\127\213\117\030\160\271}{section.7}% 46
\BOOKMARK [2][-]{subsection.7.2}{\376\377\152\041\127\213\134\100\226\120}{section.7}% 47
\BOOKMARK [1][-]{appendix.A}{\376\377\133\214\145\164\154\102\211\343\116\343\170\001}{}% 48
\BOOKMARK [2][-]{subsection.A.1}{\376\377\000A\000.\000\040\000c\000o\000r\000e\000.\000p\000y\000\040\040\023\000\040\217\320\122\250\133\146\152\041\127\213\060\001\220\156\205\075\122\044\133\232\060\001\127\372\170\100\121\375\145\160}{appendix.A}% 49
\BOOKMARK [2][-]{subsection.A.2}{\376\377\000B\000.\000\040\000o\000p\000t\000i\000m\000i\000z\000e\000r\000.\000p\000y\000\040\040\023\000\040\174\222\133\120\177\244\117\030\123\026\060\001\131\032\137\071\136\166\226\306\060\001\000Q\0001\232\214\213\301\060\001\000Q\0002\154\102\211\343}{appendix.A}% 50
\BOOKMARK [2][-]{subsection.A.3}{\376\377\000C\000.\000\040\000s\000o\000l\000v\000e\000f\000i\000x\000.\000p\000y\000\040\040\023\000\040\000Q\0003\116\011\137\071\143\245\122\233\060\001\000Q\0004\116\011\147\072\123\117\124\014\060\001\000Q\0005\131\032\133\371\131\032}{appendix.A}% 51
\BOOKMARK [2][-]{subsection.A.4}{\376\377\000D\000.\000\040\000f\000y\0004\000i\000n\000v\000e\000r\000s\000e\000.\000p\000y\000\040\040\023\000\040\000F\000Y\0004\220\006\124\021\217\320\122\250\133\146\144\034\175\042}{appendix.A}% 52
\BOOKMARK [2][-]{subsection.A.5}{\376\377\000E\000.\000\040\000u\000p\000d\000a\000t\000e\000q\0005\000.\000p\000y\000\040\040\023\000\040\000Q\0005\176\323\147\234\145\164\124\010\116\016\000r\000e\000s\000u\000l\000t\145\207\116\366\217\223\121\372}{appendix.A}% 53
