\BOOKMARK [1][-]{section.1}{\376\377\225\356\230\230\221\315\217\360}{}% 1
\BOOKMARK [1][-]{section.2}{\376\377\225\356\230\230\122\006\147\220}{}% 2
\BOOKMARK [1][-]{section.3}{\376\377\152\041\127\213\120\107\213\276\116\016\173\046\123\367\213\364\146\016}{}% 3
\BOOKMARK [2][-]{subsection.3.1}{\376\377\124\010\164\006\120\107\213\276}{section.3}% 4
\BOOKMARK [2][-]{subsection.3.2}{\376\377\116\073\211\201\173\046\123\367\213\364\146\016}{section.3}% 5
\BOOKMARK [1][-]{section.4}{\376\377\116\373\122\241\116\000\377\032\123\125\142\067\172\172\214\003\160\355\122\250\140\001\136\372\152\041\116\016\116\377\167\037\117\030\123\026}{}% 6
\BOOKMARK [2][-]{subsection.4.1}{\376\377\173\111\145\110\160\355\123\302\145\160\377\010\000E\000T\000P\377\011\152\041\127\213\147\204\136\372\116\016\232\330\174\276\171\273\145\143\123\026}{section.4}% 7
\BOOKMARK [2][-]{subsection.4.2}{\376\377\136\070\211\304\217\320\210\114\147\141\116\366\116\013\166\204\116\377\167\037\152\041\142\337\116\016\160\355\123\302\145\160\145\117\141\037\140\047\122\006\147\220}{section.4}% 8
\BOOKMARK [2][-]{subsection.4.3}{\376\377\232\330\134\360\145\366\153\265\166\204\116\073\122\250\230\204\121\267\173\126\165\145\117\030\123\026\211\343\173\227}{section.4}% 9
\BOOKMARK [1][-]{section.5}{\376\377\116\373\122\241\116\214\377\032\172\172\214\003\226\306\177\244\215\037\203\167\200\132\124\010\116\016\227\000\154\102\124\315\136\224\117\030\123\026\214\003\136\246}{}% 10
\BOOKMARK [2][-]{subsection.5.1}{\376\377\137\002\215\050\226\306\177\244\226\115\176\364\200\132\174\173\116\016\000C\000B\000L\215\037\203\167\122\112\121\317\147\072\122\066}{section.5}% 11
\BOOKMARK [2][-]{subsection.5.2}{\376\377\127\372\116\216\176\277\140\047\211\304\122\022\377\010\000L\000P\377\011\166\204\172\172\214\003\226\306\177\244\214\003\136\246\117\030\123\026\136\372\152\041}{section.5}% 12
\BOOKMARK [2][-]{subsection.5.3}{\376\377\147\000\117\030\214\003\136\246\173\126\165\145\154\102\211\343\116\016\117\335\156\051\162\171\140\047\166\204\214\003\136\246\211\322\202\162\211\343\147\220}{section.5}% 13
\BOOKMARK [1][-]{section.6}{\376\377\116\373\122\241\116\011\377\032\200\003\206\121\116\015\170\156\133\232\140\047\166\204\234\201\150\322\227\000\154\102\124\315\136\224\214\003\136\246\173\126\165\145}{}% 14
\BOOKMARK [2][-]{subsection.6.1}{\376\377\232\330\145\257\154\024\156\051\000\040\000f\000o\000r\000e\000c\000a\000s\000t\000\040\000n\000o\000i\000s\000e\000\040\116\016\165\050\142\067\220\000\121\372\210\114\116\072\136\372\152\041}{section.6}% 15
\BOOKMARK [2][-]{subsection.6.2}{\376\377\147\072\117\032\176\246\147\137\234\201\150\322\214\003\136\246\173\126\165\145\213\276\213\241}{section.6}% 16
\BOOKMARK [2][-]{subsection.6.3}{\376\377\204\231\162\171\123\141\155\033\377\010\000M\000o\000n\000t\000e\000\040\000C\000a\000r\000l\000o\377\011\226\217\147\072\143\250\157\024\116\016\133\371\153\324\232\214\213\301}{section.6}% 17
\BOOKMARK [1][-]{section.7}{\376\377\152\041\127\213\150\300\232\214\116\016\213\304\116\367}{}% 18
\BOOKMARK [2][-]{subsection.7.1}{\376\377\152\041\127\213\166\204\117\030\160\271}{section.7}% 19
\BOOKMARK [2][-]{subsection.7.2}{\376\377\152\041\127\213\166\204\134\100\226\120\116\016\147\052\147\145\134\125\147\033}{section.7}% 20
\BOOKMARK [1][-]{section.8}{\376\377\176\323\213\272}{}% 21
\BOOKMARK [1][-]{Item.19}{\376\377\123\302\200\003\145\207\163\056}{}% 22
\BOOKMARK [1][-]{Item.25}{\376\377\226\104\137\125\377\032\145\057\144\221\147\120\145\231\116\016\133\214\145\164\000P\000y\000t\000h\000o\000n\156\220\172\013\136\217}{}% 23
